---
source: crates/tinymist-query/src/semantic_tokens_full.rs
expression: "serde_json::to_string(&result).unwrap()"
input_file: crates/tinymist-query/src/fixtures/semantic_tokens/heading.typ
---
{"data":[0,0,3,16,0,0,3,1,22,0,0,1,1,5,0,0,1,4,5,0,0,4,1,10,0,0,1,17,1,0,0,17,1,10,0]}
