---
source: crates/tinymist-query/src/on_enter.rs
description: "On Enter on  2..2 */\n$||$\n)"
expression: "JsonRepr::new_redacted(result, &REDACT_LOC)"
input_file: crates/tinymist-query/src/fixtures/on_enter/math.typ
---
[
 {
  "newText": "\n  $0\n",
  "range": "1:1:1:1"
 }
]
