>
>#((show: body => 2) * body)
#^ source.typst keyword.control.hash.typst
# ^ source.typst meta.brace.round.typst
#  ^ source.typst meta.brace.round.typst
#   ^^^^ source.typst meta.expr.show.typst keyword.control.other.typst
#       ^ source.typst meta.expr.show.typst punctuation.separator.colon.typst
#        ^ source.typst meta.expr.show.typst
#         ^^^^ source.typst meta.expr.show.typst variable.parameter.typst
#             ^ source.typst meta.expr.show.typst
#              ^^ source.typst meta.expr.show.typst storage.type.function.arrow.typst
#                ^ source.typst meta.expr.show.typst
#                 ^ source.typst meta.expr.show.typst constant.numeric.integer.typst
#                  ^ source.typst meta.brace.round.typst
#                   ^^^ source.typst
#                      ^^^^ source.typst variable.other.readwrite.typst
#                          ^ source.typst meta.brace.round.typst
>
>---
#^^^ source.typst punctuation.definition.em-dash.typst