---
source: crates/tinymist-query/src/analysis.rs
description: "Check on \")\" (69)"
expression: literal_type
input_file: crates/tinymist-query/src/fixtures/post_type_check/text_stroke2.typ
---
( ⪯ ( ⪰ Any ⪯ Stroke))
