---
source: crates/tinymist-query/src/completion.rs
description: Completion on / (67..68)
expression: "JsonRepr::new_pure(results)"
input_file: crates/tinymist-query/src/fixtures/pkgs/touying-utils-current-heading.typ
snapshot_kind: text
---
[
 {
  "isIncomplete": false,
  "items": [
   {
    "kind": 6,
    "label": "9999",
    "sortText": "000",
    "textEdit": {
     "newText": "9999",
     "range": {
      "end": {
       "character": 24,
       "line": 2
      },
      "start": {
       "character": 24,
       "line": 2
      }
     }
    }
   }
  ]
 }
]
