---
source: crates/tinymist-query/src/analysis.rs
expression: "JsonRepr::new_redacted(result, &REDACT_LOC)"
input_file: crates/tinymist-query/src/fixtures/def_use/for_loop.typ
---
{
 "i@18..19@s0.typ": {
  "def": {
   "kind": {
    "Var": "Variable"
   },
   "name": "i",
   "range": "18:19"
  },
  "refs": [
   "i@28..29"
  ]
 },
 "i@5..6@s0.typ": {
  "def": {
   "kind": {
    "Var": "Variable"
   },
   "name": "i",
   "range": "5:6"
  },
  "refs": [
   "i@40..41"
  ]
 }
}
