---
source: crates/tinymist-query/src/analysis.rs
expression: result
input_file: crates/tinymist-query/src/fixtures/type_check/annotation_fn2.typ
snapshot_kind: text
---
"args" = Any
"fn-wrapper" = ((Type(function) | (...: Any) => Any), ...: Any) => None
"fn" = Any
"args" = Args
=====
107..117 -> @fn-wrapper
118..120 -> @fn
124..128 -> @args
