---
source: crates/tinymist-query/src/analysis.rs
expression: result
input_file: crates/tinymist-query/src/fixtures/type_check/constants.typ
---
"f" = (Any) -> 2
"x" = Any
---
5..6 -> @f
7..8 -> @x
