---
source: crates/tinymist-query/src/analysis.rs
expression: result
input_file: crates/tinymist-query/src/fixtures/type_check/confusing-name.typ
---
"date" = Any
"info" = Any
"master-cover" = (Any, "x": Any) => TypeBinary { operands: (Any, TypeBinary { operands: ({"submit-date": 0}, Any), op: Add }), op: Assign }
"x" = Any
"x" = (Any) => Any
---
5..6 -> @x
7..11 -> @date
15..19 -> @date
15..29 -> Any
57..69 -> @master-cover
70..74 -> @info
76..77 -> @x
79..80 -> @x
88..92 -> @info
114..118 -> @info
121..122 -> @x
121..140 -> Any
123..139 -> Any
