---
source: crates/tinymist-query/src/hover.rs
expression: "JsonRepr::new_redacted(result, &REDACT_LOC)"
input_file: crates/tinymist-query/src/fixtures/hover/ref_bib.typ
---
{
 "contents": "Bibliography: `Russell:1908` [1]\n\n---\n\nB. Russell, Mathematical logic based on the theory of types, <span style=\"font-style: italic;\">American Journal of Mathematics</span>, 30, 222â€“262, 1908.",
 "range": "2:21:2:34"
}
