---
source: crates/tinymist-query/src/document_highlight.rs
expression: "JsonRepr::new_redacted(result, &REDACT_LOC)"
input_file: crates/tinymist-query/src/fixtures/document_highlight/syntax_error.typ
---
[
 {
  "range": "0:0:0:4"
 },
 {
  "range": "1:2:1:7"
 }
]
