>
>#show text.where()
#^ source.typst keyword.control.hash.typst
# ^^^^ source.typst meta.expr.show.typst keyword.control.other.typst
#     ^ source.typst meta.expr.show.typst
#      ^^^^ source.typst meta.expr.show.typst variable.other.readwrite.typst
#          ^ source.typst meta.expr.show.typst meta.expr.call.typst keyword.operator.accessor.typst
#           ^^^^^ source.typst meta.expr.show.typst meta.expr.call.typst entity.name.function.typst
#                ^ source.typst meta.expr.show.typst meta.expr.call.typst meta.brace.round.typst
#                 ^ source.typst meta.expr.show.typst meta.expr.call.typst meta.brace.round.typst
>
>test
#^^^^^ source.typst
>