---
source: crates/tinymist-query/src/goto_declaration.rs
expression: "JsonRepr::new_redacted(result, &REDACT_LOC)"
input_file: crates/tinymist-query/src/fixtures/goto_declaration/base.typ
---
null
