---
source: crates/tinymist-query/src/analysis.rs
expression: "snap.join(\"\\n\")"
input_file: crates/tinymist-query/src/fixtures/expr_of/import_by_ident.typ
---
= resolves
ModuleImport(..)@1..23 in /s2.typ -> Module(derive)@0..0 in /derive.typ, root Module(derive)@0..0 in /derive.typ, val: None
ImportPath(derive)@8..20 in /s2.typ -> Module(derive)@0..0 in /derive.typ, root Module(derive)@0..0 in /derive.typ, val: None
ModuleImport(..)@25..39 in /s2.typ -> Module(base)@0..0 in /base.typ, root Module(base)@0..0 in /base.typ, val: None
IdentRef(f)@41..42 in /s2.typ -> Func(f)@0..0 in /base.typ, root Func(f)@0..0 in /base.typ, val: None
= exports
base -> ref(PathStem(base), step = Module(base), root = Module(base))
f -> Func(f)@0..0 in /base.typ
