---
source: crates/typlite/src/tests.rs
expression: hash
input_file: crates/typlite/src/fixtures/integration/raw_inline.typ
---
siphash128_13:fe468826fde99ac8a0e77767d4045199
