---
source: crates/typlite/src/tests.rs
expression: hash
input_file: crates/typlite/src/fixtures/integration/highlight.typ
snapshot_kind: text
---
siphash128_13:6e6d759532b382b4f775e85f9599d60d
