---
source: crates/typlite/src/tests.rs
expression: docx_data
input_file: crates/typlite/src/fixtures/integration/link3.typ
extension: docx
snapshot_kind: binary
---
